>>SEED: 2020
==============
loading [./data/gowalla]
==============
810128 interactions for training
217242 interactions for testing
gowalla Sparsity : 0.0008396216228570436
gowalla is ready to go
========================================CONFIG=====================================================
{'A_n_fold': 100,
 'A_split': False,
 'K': 3,
 'args': Namespace(K=3, a_fold=100, alpha=0.3, alpha1=0.25, alpha2=0.25, avg=0, beta=0.5, bpr_batch=4096, comment='gtn', dataset='gowalla', debug=True, decay=0.0001, dropout=0, epochs=1001, gamma=1, gcn_model='GTN', gpu_id=0, incnorm_para=True, keepprob=0.6, lambda2=4.0, layer=3, load=0, lr=0.001, model='gtn', multicore=1, ogb=True, path='/home/hwiric/Internship/GTN-SIGIR2022/checkpoints_GTN', pretrain=0, prop_dropout=0.1, recdim=256, seed=2020, tensorboard=1, testbatch=100, topks='[20]'),
 'bigdata': False,
 'bpr_batch_size': 4096,
 'dataset': 'gowalla',
 'decay': 0.0001,
 'dropout': 0,
 'epochs': 1001,
 'keep_prob': 0.6,
 'lambda2': 4.0,
 'latent_dim_rec': 256,
 'lr': 0.001,
 'multicore': 1,
 'pretrain': 0,
 'test_u_batch_size': 100}
cores for test: 24
comment: gtn
tensorboard: 1
LOAD: 0
Weight path: /home/hwiric/Internship/GTN-SIGIR2022/checkpoints_GTN
Test Topks: [20]
using bpr loss
==========================================END======================================================
==============
use NORMAL distribution initilizer
==============
loading adjacency matrix
successfully loaded...
lgn is already to go(dropout:0)
==============
[TEST]
==============

Testing EPOCH[1/1001] | Results Top-k (pre, recall, ndcg): 0.00055, 0.00184, 0.0013

EPOCH[1/1001] loss 0.4877  0.4871  0.0005 - |Sample:9.17|  |  04:36mins
