0.6.16
>>SEED: 2020
==============
loading [./data/amazon-book]
==============
2380730 interactions for training
603378 interactions for testing
amazon-book Sparsity : 0.0006188468344849981
amazon-book is ready to go
========================================CONFIG=====================================================
{'A_n_fold': 100,
 'A_split': False,
 'K': 3,
 'args': Namespace(K=3, a_fold=100, alpha=0.3, alpha1=0.25, alpha2=0.25, avg=0, beta=0.5, bpr_batch=2048, comment='gtn', dataset='amazon-book', debug=True, decay=0.0001, dropout=0, epochs=1001, gamma=1, gcn_model='GTN', gpu_id=0, incnorm_para=True, keepprob=0.6, lambda2=4.0, layer=3, load=0, lr=0.001, model='gtn', multicore=1, ogb=True, path='/home/hwiric/Internship/GTN-SIGIR2022/checkpoints_GTN', pretrain=0, prop_dropout=0.1, recdim=128, seed=2020, tensorboard=1, testbatch=100, topks='[20]'),
 'bigdata': False,
 'bpr_batch_size': 2048,
 'dataset': 'amazon-book',
 'decay': 0.0001,
 'dropout': 0,
 'epochs': 1001,
 'keep_prob': 0.6,
 'lambda2': 4.0,
 'latent_dim_rec': 128,
 'lr': 0.001,
 'multicore': 1,
 'pretrain': 0,
 'test_u_batch_size': 100}
cores for test: 24
comment: gtn
tensorboard: 1
LOAD: 0
Weight path: /home/hwiric/Internship/GTN-SIGIR2022/checkpoints_GTN
Test Topks: [20]
using bpr loss
==========================================END======================================================
==============
use NORMAL distribution initilizer
==============
loading adjacency matrix
generating adjacency matrix
costing 272.9535505771637s, saved mat...
lgn is already to go(dropout:0)
==============
[TEST]
==============

Testing EPOCH[1/1001] | Results Top-k (pre, recall, ndcg): 0.00034, 0.00055, 0.00049

EPOCH[1/1001] loss 0.3336  0.3329  0.0007 - |Sample:26.17|  |  05:25mins
EPOCH[2/1001] loss 0.1740  0.1727  0.0013 - |Sample:25.91|  |  04:18mins
EPOCH[3/1001] loss 0.1423  0.1407  0.0015 - |Sample:25.82|  |  04:17mins
EPOCH[4/1001] loss 0.1241  0.1223  0.0018 - |Sample:26.05|  |  04:18mins
EPOCH[5/1001] loss 0.1115  0.1095  0.0020 - |Sample:25.60|  |  04:17mins
EPOCH[6/1001] loss 0.1018  0.0996  0.0022 - |Sample:25.96|  |  04:17mins
EPOCH[7/1001] loss 0.0949  0.0925  0.0024 - |Sample:25.38|  |  04:17mins
EPOCH[8/1001] loss 0.0885  0.0860  0.0025 - |Sample:26.58|  |  04:18mins
EPOCH[9/1001] loss 0.0831  0.0804  0.0027 - |Sample:25.77|  |  04:17mins
EPOCH[10/1001] loss 0.0792  0.0764  0.0029 - |Sample:25.61|  |  04:17mins
==============
[TEST]
==============

Testing EPOCH[11/1001] | Results Top-k (pre, recall, ndcg): 0.01122, 0.02685, 0.02059

EPOCH[11/1001] loss 0.0751  0.0721  0.0030 - |Sample:25.80|  |  05:21mins
EPOCH[12/1001] loss 0.0718  0.0686  0.0032 - |Sample:25.66|  |  04:17mins
EPOCH[13/1001] loss 0.0685  0.0651  0.0033 - |Sample:25.90|  |  04:17mins
EPOCH[14/1001] loss 0.0661  0.0626  0.0035 - |Sample:25.31|  |  04:17mins
EPOCH[15/1001] loss 0.0636  0.0600  0.0036 - |Sample:25.90|  |  04:17mins
EPOCH[16/1001] loss 0.0612  0.0575  0.0037 - |Sample:26.10|  |  04:18mins
EPOCH[17/1001] loss 0.0594  0.0555  0.0039 - |Sample:26.49|  |  04:18mins
EPOCH[18/1001] loss 0.0575  0.0535  0.0040 - |Sample:25.68|  |  04:17mins
EPOCH[19/1001] loss 0.0555  0.0514  0.0041 - |Sample:25.63|  |  04:17mins
EPOCH[20/1001] loss 0.0542  0.0499  0.0043 - |Sample:25.82|  |  04:17mins
==============
[TEST]
==============

Testing EPOCH[21/1001] | Results Top-k (pre, recall, ndcg): 0.01256, 0.03054, 0.02328

EPOCH[21/1001] loss 0.0524  0.0481  0.0044 - |Sample:25.48|  |  05:20mins
EPOCH[22/1001] loss 0.0507  0.0462  0.0045 - |Sample:25.89|  |  04:17mins
EPOCH[23/1001] loss 0.0498  0.0452  0.0046 - |Sample:25.99|  |  04:17mins
EPOCH[24/1001] loss 0.0487  0.0440  0.0047 - |Sample:26.15|  |  04:18mins
EPOCH[25/1001] loss 0.0476  0.0427  0.0049 - |Sample:26.23|  |  04:18mins
EPOCH[26/1001] loss 0.0464  0.0414  0.0050 - |Sample:25.67|  |  04:17mins
EPOCH[27/1001] loss 0.0454  0.0403  0.0051 - |Sample:25.53|  |  04:17mins
EPOCH[28/1001] loss 0.0447  0.0395  0.0052 - |Sample:25.86|  |  04:17mins
EPOCH[29/1001] loss 0.0436  0.0383  0.0053 - |Sample:25.93|  |  04:17mins
EPOCH[30/1001] loss 0.0429  0.0375  0.0054 - |Sample:25.86|  |  04:17mins
==============
[TEST]
==============

Testing EPOCH[31/1001] | Results Top-k (pre, recall, ndcg): 0.01348, 0.03291, 0.02508

EPOCH[31/1001] loss 0.0421  0.0365  0.0055 - |Sample:25.55|  |  05:20mins
EPOCH[32/1001] loss 0.0415  0.0359  0.0056 - |Sample:25.92|  |  04:17mins
EPOCH[33/1001] loss 0.0406  0.0348  0.0057 - |Sample:26.55|  |  04:18mins
EPOCH[34/1001] loss 0.0400  0.0342  0.0058 - |Sample:25.77|  |  04:17mins
EPOCH[35/1001] loss 0.0393  0.0334  0.0059 - |Sample:25.75|  |  04:17mins
EPOCH[36/1001] loss 0.0388  0.0328  0.0060 - |Sample:25.71|  |  04:17mins
EPOCH[37/1001] loss 0.0380  0.0319  0.0061 - |Sample:25.92|  |  04:17mins
EPOCH[38/1001] loss 0.0378  0.0316  0.0062 - |Sample:25.38|  |  04:17mins
EPOCH[39/1001] loss 0.0369  0.0306  0.0063 - |Sample:26.38|  |  04:18mins
EPOCH[40/1001] loss 0.0364  0.0300  0.0064 - |Sample:25.82|  |  04:17mins
==============
[TEST]
==============

Testing EPOCH[41/1001] | Results Top-k (pre, recall, ndcg): 0.01402, 0.03424, 0.02607

EPOCH[41/1001] loss 0.0359  0.0294  0.0065 - |Sample:26.19|  |  05:22mins
EPOCH[42/1001] loss 0.0356  0.0290  0.0065 - |Sample:26.40|  |  04:18mins
EPOCH[43/1001] loss 0.0352  0.0285  0.0066 - |Sample:25.59|  |  04:17mins
EPOCH[44/1001] loss 0.0346  0.0279  0.0067 - |Sample:25.98|  |  04:17mins
EPOCH[45/1001] loss 0.0342  0.0274  0.0068 - |Sample:25.44|  |  04:17mins
EPOCH[46/1001] loss 0.0339  0.0271  0.0069 - |Sample:26.12|  |  04:18mins
EPOCH[47/1001] loss 0.0336  0.0266  0.0070 - |Sample:25.92|  |  04:17mins
EPOCH[48/1001] loss 0.0331  0.0260  0.0070 - |Sample:26.23|  |  04:18mins
EPOCH[49/1001] loss 0.0326  0.0255  0.0071 - |Sample:26.34|  |  04:18mins
EPOCH[50/1001] loss 0.0323  0.0251  0.0072 - |Sample:25.69|  |  04:17mins
==============
[TEST]
==============

Testing EPOCH[51/1001] | Results Top-k (pre, recall, ndcg): 0.01449, 0.0354, 0.02702

EPOCH[51/1001] loss 0.0321  0.0248  0.0073 - |Sample:25.76|  |  05:21mins
EPOCH[52/1001] loss 0.0316  0.0243  0.0073 - |Sample:25.73|  |  04:17mins
EPOCH[53/1001] loss 0.0315  0.0241  0.0074 - |Sample:25.66|  |  04:17mins
EPOCH[54/1001] loss 0.0311  0.0236  0.0075 - |Sample:25.71|  |  04:17mins
EPOCH[55/1001] loss 0.0309  0.0233  0.0075 - |Sample:25.56|  |  04:17mins
EPOCH[56/1001] loss 0.0305  0.0229  0.0076 - |Sample:26.05|  |  04:18mins
EPOCH[57/1001] loss 0.0303  0.0226  0.0077 - |Sample:26.29|  |  04:18mins
EPOCH[58/1001] loss 0.0300  0.0223  0.0077 - |Sample:25.83|  |  04:17mins
EPOCH[59/1001] loss 0.0300  0.0222  0.0078 - |Sample:25.74|  |  04:17mins
EPOCH[60/1001] loss 0.0298  0.0220  0.0079 - |Sample:25.59|  |  04:17mins
==============
[TEST]
==============

Testing EPOCH[61/1001] | Results Top-k (pre, recall, ndcg): 0.01494, 0.03647, 0.02793

EPOCH[61/1001] loss 0.0295  0.0216  0.0079 - |Sample:26.00|  |  05:20mins
EPOCH[62/1001] loss 0.0292  0.0212  0.0080 - |Sample:25.71|  |  04:17mins
EPOCH[63/1001] loss 0.0287  0.0206  0.0081 - |Sample:25.61|  |  04:17mins
EPOCH[64/1001] loss 0.0288  0.0207  0.0081 - |Sample:25.90|  |  04:17mins
EPOCH[65/1001] loss 0.0285  0.0204  0.0082 - |Sample:25.71|  |  04:17mins
EPOCH[66/1001] loss 0.0283  0.0200  0.0082 - |Sample:26.23|  |  04:18mins
EPOCH[67/1001] loss 0.0282  0.0199  0.0083 - |Sample:25.55|  |  04:17mins
EPOCH[68/1001] loss 0.0277  0.0194  0.0083 - |Sample:25.67|  |  04:17mins
EPOCH[69/1001] loss 0.0278  0.0194  0.0084 - |Sample:26.01|  |  04:17mins
EPOCH[70/1001] loss 0.0277  0.0193  0.0084 - |Sample:25.40|  |  04:17mins
==============
[TEST]
==============

Testing EPOCH[71/1001] | Results Top-k (pre, recall, ndcg): 0.01539, 0.03757, 0.02877

EPOCH[71/1001] loss 0.0274  0.0189  0.0085 - |Sample:25.91|  |  05:21mins
EPOCH[72/1001] loss 0.0273  0.0187  0.0085 - |Sample:25.97|  |  04:17mins
EPOCH[73/1001] loss 0.0270  0.0184  0.0086 - |Sample:25.54|  |  04:17mins
EPOCH[74/1001] loss 0.0269  0.0182  0.0086 - |Sample:26.78|  |  04:18mins
EPOCH[75/1001] loss 0.0269  0.0182  0.0087 - |Sample:25.59|  |  04:17mins
EPOCH[76/1001] loss 0.0266  0.0178  0.0087 - |Sample:25.57|  |  04:17mins
EPOCH[77/1001] loss 0.0265  0.0177  0.0088 - |Sample:25.65|  |  04:17mins
EPOCH[78/1001] loss 0.0264  0.0176  0.0088 - |Sample:25.81|  |  04:17mins
EPOCH[79/1001] loss 0.0263  0.0175  0.0089 - |Sample:25.42|  |  04:17mins
EPOCH[80/1001] loss 0.0260  0.0171  0.0089 - |Sample:26.17|  |  04:18mins
==============
[TEST]
==============

Testing EPOCH[81/1001] | Results Top-k (pre, recall, ndcg): 0.01558, 0.03805, 0.0292

EPOCH[81/1001] loss 0.0262  0.0172  0.0090 - |Sample:25.85|  |  05:22mins
EPOCH[82/1001] loss 0.0259  0.0170  0.0090 - |Sample:25.96|  |  04:17mins
EPOCH[83/1001] loss 0.0259  0.0169  0.0090 - |Sample:26.04|  |  04:18mins
EPOCH[84/1001] loss 0.0257  0.0166  0.0091 - |Sample:25.61|  |  04:17mins
EPOCH[85/1001] loss 0.0256  0.0165  0.0091 - |Sample:26.07|  |  04:18mins
EPOCH[86/1001] loss 0.0254  0.0162  0.0092 - |Sample:25.39|  |  04:17mins
EPOCH[87/1001] loss 0.0254  0.0162  0.0092 - |Sample:26.01|  |  04:17mins
EPOCH[88/1001] loss 0.0253  0.0161  0.0092 - |Sample:25.88|  |  04:17mins
EPOCH[89/1001] loss 0.0251  0.0159  0.0093 - |Sample:26.26|  |  04:18mins
EPOCH[90/1001] loss 0.0251  0.0158  0.0093 - |Sample:25.87|  |  04:17mins
==============
[TEST]
==============

Testing EPOCH[91/1001] | Results Top-k (pre, recall, ndcg): 0.0159, 0.0387, 0.02967

EPOCH[91/1001] loss 0.0248  0.0155  0.0093 - |Sample:26.33|  |  05:22mins
EPOCH[92/1001] loss 0.0247  0.0153  0.0094 - |Sample:25.65|  |  04:17mins
EPOCH[93/1001] loss 0.0247  0.0153  0.0094 - |Sample:25.86|  |  04:17mins
EPOCH[94/1001] loss 0.0246  0.0152  0.0094 - |Sample:25.84|  |  04:17mins
EPOCH[95/1001] loss 0.0245  0.0151  0.0095 - |Sample:25.56|  |  04:17mins
EPOCH[96/1001] loss 0.0243  0.0148  0.0095 - |Sample:25.79|  |  04:17mins
EPOCH[97/1001] loss 0.0243  0.0147  0.0095 - |Sample:26.31|  |  04:18mins
EPOCH[98/1001] loss 0.0241  0.0146  0.0096 - |Sample:26.12|  |  04:18mins
EPOCH[99/1001] loss 0.0241  0.0145  0.0096 - |Sample:25.83|  |  04:17mins
EPOCH[100/1001] loss 0.0241  0.0145  0.0096 - |Sample:25.91|  |  04:17mins
==============
[TEST]
==============

Testing EPOCH[101/1001] | Results Top-k (pre, recall, ndcg): 0.01613, 0.03932, 0.03019

EPOCH[101/1001] loss 0.0241  0.0145  0.0096 - |Sample:25.92|  |  05:21mins
EPOCH[102/1001] loss 0.0240  0.0143  0.0097 - |Sample:25.66|  |  04:17mins
EPOCH[103/1001] loss 0.0239  0.0142  0.0097 - |Sample:25.79|  |  04:17mins
EPOCH[104/1001] loss 0.0239  0.0142  0.0097 - |Sample:25.53|  |  04:17mins
EPOCH[105/1001] loss 0.0240  0.0142  0.0098 - |Sample:26.37|  |  04:18mins
EPOCH[106/1001] loss 0.0238  0.0140  0.0098 - |Sample:25.62|  |  04:17mins
EPOCH[107/1001] loss 0.0238  0.0140  0.0098 - |Sample:25.54|  |  04:17mins
EPOCH[108/1001] loss 0.0235  0.0137  0.0098 - |Sample:25.98|  |  04:17mins
EPOCH[109/1001] loss 0.0235  0.0136  0.0099 - |Sample:25.60|  |  04:17mins
EPOCH[110/1001] loss 0.0235  0.0136  0.0099 - |Sample:25.63|  |  04:17mins
==============
[TEST]
==============

Testing EPOCH[111/1001] | Results Top-k (pre, recall, ndcg): 0.01636, 0.03992, 0.03064

EPOCH[111/1001] loss 0.0232  0.0133  0.0099 - |Sample:25.72|  |  05:20mins
EPOCH[112/1001] loss 0.0234  0.0135  0.0099 - |Sample:25.67|  |  04:17mins
EPOCH[113/1001] loss 0.0233  0.0134  0.0099 - |Sample:26.31|  |  04:18mins
EPOCH[114/1001] loss 0.0235  0.0135  0.0100 - |Sample:25.51|  |  04:17mins
EPOCH[115/1001] loss 0.0230  0.0130  0.0100 - |Sample:25.62|  |  04:17mins
EPOCH[116/1001] loss 0.0230  0.0130  0.0100 - |Sample:25.33|  |  04:17mins
EPOCH[117/1001] loss 0.0229  0.0129  0.0100 - |Sample:25.96|  |  04:17mins
EPOCH[118/1001] loss 0.0230  0.0129  0.0100 - |Sample:26.25|  |  04:18mins
EPOCH[119/1001] loss 0.0229  0.0129  0.0101 - |Sample:25.17|  |  04:17mins
EPOCH[120/1001] loss 0.0229  0.0128  0.0101 - |Sample:25.95|  |  04:17mins
==============
[TEST]
==============

Testing EPOCH[121/1001] | Results Top-k (pre, recall, ndcg): 0.01654, 0.04035, 0.03097

EPOCH[121/1001] loss 0.0228  0.0127  0.0101 - |Sample:25.79|  |  05:20mins
EPOCH[122/1001] loss 0.0229  0.0128  0.0101 - |Sample:25.31|  |  04:17mins
EPOCH[123/1001] loss 0.0227  0.0126  0.0101 - |Sample:26.09|  |  04:18mins
EPOCH[124/1001] loss 0.0227  0.0125  0.0102 - |Sample:25.65|  |  04:17mins
EPOCH[125/1001] loss 0.0225  0.0123  0.0102 - |Sample:26.02|  |  04:17mins
EPOCH[126/1001] loss 0.0225  0.0123  0.0102 - |Sample:25.60|  |  04:17mins
EPOCH[127/1001] loss 0.0228  0.0126  0.0102 - |Sample:25.81|  |  04:17mins
EPOCH[128/1001] loss 0.0224  0.0122  0.0102 - |Sample:25.62|  |  04:17mins
EPOCH[129/1001] loss 0.0224  0.0121  0.0102 - |Sample:25.75|  |  04:17mins
EPOCH[130/1001] loss 0.0225  0.0123  0.0103 - |Sample:25.67|  |  04:17mins
==============
[TEST]
==============

Testing EPOCH[131/1001] | Results Top-k (pre, recall, ndcg): 0.01667, 0.04065, 0.03125

EPOCH[131/1001] loss 0.0225  0.0123  0.0103 - |Sample:25.72|  |  05:21mins
EPOCH[132/1001] loss 0.0224  0.0121  0.0103 - |Sample:25.96|  |  04:17mins
EPOCH[133/1001] loss 0.0222  0.0119  0.0103 - |Sample:25.81|  |  04:17mins
EPOCH[134/1001] loss 0.0220  0.0117  0.0103 - |Sample:25.73|  |  04:17mins
EPOCH[135/1001] loss 0.0221  0.0118  0.0103 - |Sample:25.75|  |  04:17mins
EPOCH[136/1001] loss 0.0222  0.0118  0.0103 - |Sample:25.68|  |  04:17mins
EPOCH[137/1001] loss 0.0221  0.0118  0.0104 - |Sample:26.09|  |  04:18mins
EPOCH[138/1001] loss 0.0221  0.0118  0.0104 - |Sample:25.96|  |  04:17mins
EPOCH[139/1001] loss 0.0220  0.0117  0.0104 - |Sample:26.06|  |  04:17mins
EPOCH[140/1001] loss 0.0219  0.0115  0.0104 - |Sample:25.83|  |  04:17mins
==============
[TEST]
==============

Testing EPOCH[141/1001] | Results Top-k (pre, recall, ndcg): 0.01681, 0.04116, 0.03149

EPOCH[141/1001] loss 0.0219  0.0115  0.0104 - |Sample:25.79|  |  05:21mins
EPOCH[142/1001] loss 0.0221  0.0117  0.0104 - |Sample:25.77|  |  04:17mins
EPOCH[143/1001] loss 0.0220  0.0116  0.0104 - |Sample:26.12|  |  04:18mins
EPOCH[144/1001] loss 0.0219  0.0114  0.0104 - |Sample:25.65|  |  04:17mins
EPOCH[145/1001] loss 0.0218  0.0114  0.0104 - |Sample:26.11|  |  04:18mins
EPOCH[146/1001] loss 0.0219  0.0114  0.0105 - |Sample:25.56|  |  04:17mins
EPOCH[147/1001] loss 0.0217  0.0112  0.0105 - |Sample:25.68|  |  04:17mins
EPOCH[148/1001] loss 0.0218  0.0114  0.0105 - |Sample:25.78|  |  04:17mins
EPOCH[149/1001] loss 0.0218  0.0113  0.0105 - |Sample:25.52|  |  04:17mins
EPOCH[150/1001] loss 0.0217  0.0112  0.0105 - |Sample:25.72|  |  04:17mins
==============
[TEST]
==============

Testing EPOCH[151/1001] | Results Top-k (pre, recall, ndcg): 0.01698, 0.04148, 0.03186

EPOCH[151/1001] loss 0.0217  0.0112  0.0105 - |Sample:25.47|  |  05:20mins
EPOCH[152/1001] loss 0.0216  0.0111  0.0105 - |Sample:25.67|  |  04:17mins
EPOCH[153/1001] loss 0.0215  0.0110  0.0105 - |Sample:25.81|  |  04:17mins
EPOCH[154/1001] loss 0.0217  0.0111  0.0105 - |Sample:25.80|  |  04:17mins
EPOCH[155/1001] loss 0.0216  0.0111  0.0105 - |Sample:25.49|  |  04:17mins
EPOCH[156/1001] loss 0.0217  0.0111  0.0106 - |Sample:25.77|  |  04:17mins
EPOCH[157/1001] loss 0.0216  0.0110  0.0106 - |Sample:25.56|  |  04:17mins
EPOCH[158/1001] loss 0.0216  0.0110  0.0106 - |Sample:25.74|  |  04:17mins
EPOCH[159/1001] loss 0.0215  0.0109  0.0106 - |Sample:25.90|  |  04:17mins
EPOCH[160/1001] loss 0.0215  0.0109  0.0106 - |Sample:25.73|  |  04:17mins
==============
[TEST]
==============

Testing EPOCH[161/1001] | Results Top-k (pre, recall, ndcg): 0.01709, 0.04168, 0.03208

EPOCH[161/1001] loss 0.0214  0.0108  0.0106 - |Sample:25.35|  |  05:20mins
EPOCH[162/1001] loss 0.0214  0.0108  0.0106 - |Sample:26.07|  |  04:18mins
EPOCH[163/1001] loss 0.0214  0.0108  0.0106 - |Sample:25.63|  |  04:17mins
EPOCH[164/1001] loss 0.0213  0.0107  0.0106 - |Sample:25.68|  |  04:17mins
EPOCH[165/1001] loss 0.0213  0.0107  0.0106 - |Sample:25.81|  |  04:17mins
EPOCH[166/1001] loss 0.0212  0.0106  0.0106 - |Sample:25.52|  |  04:17mins
EPOCH[167/1001] loss 0.0212  0.0106  0.0107 - |Sample:25.91|  |  04:17mins
EPOCH[168/1001] loss 0.0214  0.0108  0.0107 - |Sample:25.18|  |  04:17mins
EPOCH[169/1001] loss 0.0212  0.0105  0.0107 - |Sample:26.05|  |  04:17mins
EPOCH[170/1001] loss 0.0213  0.0106  0.0107 - |Sample:25.71|  |  04:17mins
==============
[TEST]
==============

Testing EPOCH[171/1001] | Results Top-k (pre, recall, ndcg): 0.01716, 0.04181, 0.03211

EPOCH[171/1001] loss 0.0212  0.0105  0.0107 - |Sample:25.85|  |  05:20mins
EPOCH[172/1001] loss 0.0212  0.0106  0.0107 - |Sample:25.66|  |  04:17mins
EPOCH[173/1001] loss 0.0212  0.0105  0.0107 - |Sample:25.46|  |  04:17mins
EPOCH[174/1001] loss 0.0212  0.0105  0.0107 - |Sample:25.69|  |  04:17mins
EPOCH[175/1001] loss 0.0210  0.0103  0.0107 - |Sample:25.21|  |  04:17mins
EPOCH[176/1001] loss 0.0211  0.0104  0.0107 - |Sample:26.02|  |  04:17mins
EPOCH[177/1001] loss 0.0211  0.0104  0.0107 - |Sample:25.58|  |  04:17mins
EPOCH[178/1001] loss 0.0210  0.0103  0.0107 - |Sample:26.14|  |  04:18mins
EPOCH[179/1001] loss 0.0210  0.0102  0.0107 - |Sample:25.75|  |  04:17mins
EPOCH[180/1001] loss 0.0210  0.0103  0.0107 - |Sample:25.42|  |  04:17mins
==============
[TEST]
==============

Testing EPOCH[181/1001] | Results Top-k (pre, recall, ndcg): 0.01719, 0.04188, 0.03222

EPOCH[181/1001] loss 0.0210  0.0102  0.0107 - |Sample:26.03|  |  05:21mins
EPOCH[182/1001] loss 0.0210  0.0102  0.0107 - |Sample:25.60|  |  04:17mins
EPOCH[183/1001] loss 0.0210  0.0102  0.0108 - |Sample:25.33|  |  04:17mins
EPOCH[184/1001] loss 0.0209  0.0101  0.0108 - |Sample:26.02|  |  04:17mins
EPOCH[185/1001] loss 0.0210  0.0102  0.0108 - |Sample:25.83|  |  04:17mins
EPOCH[186/1001] loss 0.0209  0.0101  0.0108 - |Sample:25.59|  |  04:17mins
EPOCH[187/1001] loss 0.0211  0.0103  0.0108 - |Sample:25.58|  |  04:17mins
EPOCH[188/1001] loss 0.0208  0.0101  0.0108 - |Sample:25.84|  |  04:17mins
EPOCH[189/1001] loss 0.0209  0.0101  0.0108 - |Sample:25.52|  |  04:17mins
EPOCH[190/1001] loss 0.0208  0.0100  0.0108 - |Sample:25.92|  |  04:17mins
==============
[TEST]
==============

Testing EPOCH[191/1001] | Results Top-k (pre, recall, ndcg): 0.01744, 0.04254, 0.0327

EPOCH[191/1001] loss 0.0208  0.0100  0.0108 - |Sample:25.77|  |  05:21mins
EPOCH[192/1001] loss 0.0208  0.0100  0.0108 - |Sample:25.93|  |  04:17mins
EPOCH[193/1001] loss 0.0208  0.0099  0.0108 - |Sample:25.57|  |  04:17mins
EPOCH[194/1001] loss 0.0208  0.0100  0.0108 - |Sample:26.01|  |  04:17mins
EPOCH[195/1001] loss 0.0208  0.0099  0.0108 - |Sample:25.69|  |  04:17mins
EPOCH[196/1001] loss 0.0209  0.0101  0.0108 - |Sample:26.02|  |  04:17mins
EPOCH[197/1001] loss 0.0207  0.0099  0.0108 - |Sample:26.04|  |  04:17mins
EPOCH[198/1001] loss 0.0206  0.0098  0.0108 - |Sample:25.76|  |  04:17mins
EPOCH[199/1001] loss 0.0206  0.0098  0.0108 - |Sample:25.64|  |  04:17mins
