==============
Cpp extension not loaded
==============
>>SEED: 2020
==============
loading [./data/gowalla]
==============
810128 interactions for training
217242 interactions for testing
gowalla Sparsity : 0.0008396216228570436
gowalla is ready to go
===========config================
{'A_n_fold': 100,
 'A_split': False,
 'bigdata': False,
 'bpr_batch_size': 4096,
 'decay': 0.0001,
 'dropout': 0,
 'keep_prob': 0.6,
 'latent_dim_rec': 32,
 'lightGCN_n_layers': 3,
 'lr': 0.001,
 'multicore': 1,
 'pretrain': 0,
 'test_u_batch_size': 100}
cores for test: 24
comment: lgn
tensorboard: 1
LOAD: 0
Weight path: ./checkpoints
Test Topks: [20]
using bpr loss
===========end===================
Model: lgn
==============
use NORMAL distribution initilizer
==============
loading adjacency matrix
generating adjacency matrix
인접 행렬 상태 확인
costing 66.37918210029602s, saved norm_mat...
  (0, 29858)	0.024610844
  (0, 29859)	0.024610844
  (0, 29860)	0.020915195
  (0, 29861)	0.03137279
  (0, 29862)	0.029578552
  (0, 29863)	0.029578552
  (0, 29864)	0.028060678
  (0, 29865)	0.0237156
  (0, 29866)	0.029578552
  (0, 29867)	0.014789276
  (0, 29868)	0.026754808
  (0, 29869)	0.0071505224
  (0, 29870)	0.014999063
  (0, 29871)	0.009513461
  (0, 29872)	0.018918505
  (0, 29873)	0.015686395
  (0, 29874)	0.012305422
  (0, 29875)	0.011269439
  (0, 29876)	0.0071738525
  (0, 29877)	0.008873566
  (0, 29878)	0.020357355
  (0, 29879)	0.01060594
  (0, 29880)	0.0074995314
  (0, 29881)	0.025615776
  (0, 29882)	0.026754808
  :	:
  (70829, 29733)	0.09534626
  (70829, 29825)	0.108465225
  (70830, 27924)	0.12909944
  (70830, 29361)	0.14433756
  (70830, 29492)	0.14433756
  (70830, 29590)	0.14433756
  (70831, 28382)	0.12126781
  (70831, 28744)	0.10206208
  (70831, 29023)	0.10206208
  (70831, 29040)	0.11785113
  (70832, 28570)	0.25
  (70833, 28650)	0.06454972
  (70833, 29065)	0.07905694
  (70833, 29133)	0.068041384
  (70833, 29340)	0.11785113
  (70833, 29396)	0.09805807
  (70833, 29597)	0.07071068
  (70833, 29759)	0.09805807
  (70833, 29842)	0.060633905
  (70834, 28752)	0.16666667
  (70835, 28885)	0.12598816
  (70836, 29135)	0.33333334
  (70837, 29322)	0.24999999
  (70837, 29527)	0.24999999
  (70838, 29371)	0.26726124
don't split the matrix
lgn is already to go(dropout:0)
load and save to ./code/checkpoints/lgn-gowalla-3-32.pth.tar
==============
[TEST]
==============
{'precision': array([0.00022272]), 'recall': array([0.00063678]), 'ndcg': array([0.00042741])}
EPOCH[1/101] loss0.666-|Sample:9.08|  |  00:40mins
EPOCH[2/101] loss0.425-|Sample:9.02|  |  00:39mins
EPOCH[3/101] loss0.273-|Sample:8.75|  |  00:39mins
EPOCH[4/101] loss0.214-|Sample:8.99|  |  00:39mins
EPOCH[5/101] loss0.182-|Sample:9.05|  |  00:38mins
EPOCH[6/101] loss0.161-|Sample:8.90|  |  00:39mins
EPOCH[7/101] loss0.145-|Sample:9.39|  |  00:40mins
EPOCH[8/101] loss0.135-|Sample:8.90|  |  00:37mins
EPOCH[9/101] loss0.124-|Sample:8.87|  |  00:39mins
EPOCH[10/101] loss0.116-|Sample:9.05|  |  00:39mins
==============
[TEST]
==============
{'precision': array([0.0331268]), 'recall': array([0.10714184]), 'ndcg': array([0.09014112])}
EPOCH[11/101] loss0.110-|Sample:9.06|  |  00:50mins
EPOCH[12/101] loss0.104-|Sample:9.03|  |  00:39mins
EPOCH[13/101] loss0.098-|Sample:8.88|  |  00:39mins
EPOCH[14/101] loss0.095-|Sample:8.94|  |  00:39mins
EPOCH[15/101] loss0.091-|Sample:9.48|  |  00:40mins
EPOCH[16/101] loss0.087-|Sample:8.69|  |  00:39mins
EPOCH[17/101] loss0.085-|Sample:8.93|  |  00:38mins
EPOCH[18/101] loss0.081-|Sample:8.98|  |  00:39mins
EPOCH[19/101] loss0.079-|Sample:9.07|  |  00:39mins
EPOCH[20/101] loss0.077-|Sample:8.87|  |  00:37mins
==============
[TEST]
==============
{'precision': array([0.03625327]), 'recall': array([0.11821597]), 'ndcg': array([0.09943038])}
EPOCH[21/101] loss0.076-|Sample:9.08|  |  00:51mins
EPOCH[22/101] loss0.074-|Sample:8.87|  |  00:38mins
EPOCH[23/101] loss0.072-|Sample:9.00|  |  00:39mins
EPOCH[24/101] loss0.070-|Sample:8.97|  |  00:35mins
EPOCH[25/101] loss0.069-|Sample:9.04|  |  00:20mins
EPOCH[26/101] loss0.068-|Sample:9.13|  |  00:39mins
EPOCH[27/101] loss0.067-|Sample:9.44|  |  00:40mins
EPOCH[28/101] loss0.066-|Sample:8.95|  |  00:39mins
EPOCH[29/101] loss0.065-|Sample:9.15|  |  00:39mins
EPOCH[30/101] loss0.063-|Sample:9.08|  |  00:39mins
==============
[TEST]
==============
{'precision': array([0.03765825]), 'recall': array([0.1235167]), 'ndcg': array([0.1033541])}
EPOCH[31/101] loss0.062-|Sample:8.97|  |  00:48mins
EPOCH[32/101] loss0.061-|Sample:9.09|  |  00:30mins
EPOCH[33/101] loss0.061-|Sample:8.92|  |  00:39mins
EPOCH[34/101] loss0.059-|Sample:9.11|  |  00:39mins
EPOCH[35/101] loss0.058-|Sample:9.07|  |  00:39mins
EPOCH[36/101] loss0.058-|Sample:8.95|  |  00:39mins
EPOCH[37/101] loss0.057-|Sample:9.09|  |  00:39mins
EPOCH[38/101] loss0.056-|Sample:9.13|  |  00:39mins
EPOCH[39/101] loss0.055-|Sample:9.03|  |  00:39mins
EPOCH[40/101] loss0.055-|Sample:9.06|  |  00:39mins
==============
[TEST]
==============
{'precision': array([0.03876013]), 'recall': array([0.12764757]), 'ndcg': array([0.10630261])}
EPOCH[41/101] loss0.054-|Sample:9.29|  |  00:48mins
EPOCH[42/101] loss0.053-|Sample:9.33|  |  00:40mins
EPOCH[43/101] loss0.053-|Sample:8.95|  |  00:39mins
EPOCH[44/101] loss0.052-|Sample:8.96|  |  00:38mins
EPOCH[45/101] loss0.051-|Sample:8.79|  |  00:39mins
EPOCH[46/101] loss0.051-|Sample:8.90|  |  00:39mins
EPOCH[47/101] loss0.050-|Sample:9.07|  |  00:39mins
EPOCH[48/101] loss0.050-|Sample:9.11|  |  00:39mins
EPOCH[49/101] loss0.050-|Sample:8.99|  |  00:39mins
EPOCH[50/101] loss0.049-|Sample:9.09|  |  00:39mins
==============
[TEST]
==============
{'precision': array([0.04003785]), 'recall': array([0.13230137]), 'ndcg': array([0.10997535])}
EPOCH[51/101] loss0.048-|Sample:9.00|  |  00:49mins
EPOCH[52/101] loss0.047-|Sample:8.91|  |  00:39mins
EPOCH[53/101] loss0.047-|Sample:9.08|  |  00:37mins
EPOCH[54/101] loss0.047-|Sample:9.24|  |  00:40mins
EPOCH[55/101] loss0.047-|Sample:8.99|  |  00:39mins
EPOCH[56/101] loss0.046-|Sample:9.07|  |  00:38mins
EPOCH[57/101] loss0.046-|Sample:9.10|  |  00:39mins
EPOCH[58/101] loss0.045-|Sample:8.98|  |  00:39mins
EPOCH[59/101] loss0.045-|Sample:9.13|  |  00:39mins
EPOCH[60/101] loss0.043-|Sample:9.17|  |  00:36mins
==============
[TEST]
==============
{'precision': array([0.04124188]), 'recall': array([0.13626506]), 'ndcg': array([0.11328392])}
EPOCH[61/101] loss0.044-|Sample:9.06|  |  00:20mins
EPOCH[62/101] loss0.043-|Sample:9.66|  |  00:29mins
